
> kacademyx@0.1.0 build
> next build

node.exe : ΓÜá Warning: Next.js inferred your 
workspace root, but it may not be correct.
At line:1 char:1
+ & "C:\Program Files\nodejs/node.exe" 
"C:\Users\AHMED SAFFAR\AppData\R ...
+ ~~~~~~~~~~~~~~~~~~~~~~~~~~~~~~~~~~~~~~~~~~~~~~~
~~~~~~~~~~~~~~~~~~~~~~
    + CategoryInfo          : NotSpecified: (ΓÜá 
    Warning: Ne...not be correct.:String) [], R  
  emoteException
    + FullyQualifiedErrorId : NativeCommandError
 
 We detected multiple lockfiles and selected the 
directory of C:\Users\AHMED 
SAFFAR\package-lock.json as the root directory.
 To silence this warning, set `turbopack.root` 
in your Next.js config, or consider removing one 
of the lockfiles if it's not needed.
   See https://nextjs.org/docs/app/api-reference/
config/next-config-js/turbopack#root-directory 
for more information.
 Detected additional lockfiles: 
   * C:\Users\AHMED SAFFAR\.gemini\antigravity\sc
ratch\kacademyx\package-lock.json

Γû▓ Next.js 16.1.4 (Turbopack)
- Environments: .env.local, .env

ΓÜá The "middleware" file convention is 
deprecated. Please use "proxy" instead. Learn 
more: https://nextjs.org/docs/messages/middleware
-to-proxy
  Creating an optimized production build ...

> Build error occurred
Error: Turbopack build failed with 6 errors:
./.gemini/antigravity/scratch/kacademyx/component
s/SettingsModal.js:9:1
Module not found: Can't resolve 
'@/context/AuthContext'
[0m [90m  7 |[39m } [36mfrom[39m 
[32m'lucide-react'[39m[33m;[39m
 [90m  8 |[39m [36mimport[39m { chatService 
} [36mfrom[39m 
[32m'@/lib/chatService'[39m[33m;[39m
[31m[1m>[22m[39m[90m  9 |[39m 
[36mimport[39m { useAuth } [36mfrom[39m 
[32m'@/context/AuthContext'[39m[33m;[39m
 [90m    |[39m [31m[1m^[22m[39m[31m[1m^[
22m[39m[31m[1m^[22m[39m[31m[1m^[22m[39m
[31m[1m^[22m[39m[31m[1m^[22m[39m[31m[1m^
[22m[39m[31m[1m^[22m[39m[31m[1m^[22m[39
m[31m[1m^[22m[39m[31m[1m^[22m[39m[31m[1
m^[22m[39m[31m[1m^[22m[39m[31m[1m^[22m[
39m[31m[1m^[22m[39m[31m[1m^[22m[39m[31m
[1m^[22m[39m[31m[1m^[22m[39m[31m[1m^[22m
[39m[31m[1m^[22m[39m[31m[1m^[22m[39m[31
m[1m^[22m[39m[31m[1m^[22m[39m[31m[1m^[2
2m[39m[31m[1m^[22m[39m[31m[1m^[22m[39m[
31m[1m^[22m[39m[31m[1m^[22m[39m[31m[1m^
[22m[39m[31m[1m^[22m[39m[31m[1m^[22m[39m
[31m[1m^[22m[39m[31m[1m^[22m[39m[31m[1m
^[22m[39m[31m[1m^[22m[39m[31m[1m^[22m[3
9m[31m[1m^[22m[39m[31m[1m^[22m[39m[31m[
1m^[22m[39m[31m[1m^[22m[39m[31m[1m^[22m
[39m[31m[1m^[22m[39m[31m[1m^[22m[39m[31m
[1m^[22m[39m[31m[1m^[22m[39m[31m[1m^[22
m[39m[31m[1m^[22m[39m[31m[1m^[22m[39m
 [90m 10 |[39m
 [90m 11 |[39m [36mconst[39m 
[33mSettingsModal[39m [33m=[39m ({ 
isOpen[33m,[39m onClose[33m,[39m 
theme[33m,[39m toggleTheme[33m,[39m 
onLogout[33m,[39m onClearStorage }) 
[33m=>[39m {
 [90m 12 |[39m     [90m// ALL HOOKS MUST BE 
CALLED BEFORE ANY EARLY RETURN (Rules of 
Hooks)[39m[0m

Import map: aliased to relative 
'./context/AuthContext' inside of 
[project]/.gemini/antigravity/scratch/kacademyx


Import traces:
  Client Component Browser:
    ./.gemini/antigravity/scratch/kacademyx/compo
nents/SettingsModal.js [Client Component Browser]
    ./.gemini/antigravity/scratch/kacademyx/app/p
age.js [Client Component Browser]
    ./.gemini/antigravity/scratch/kacademyx/app/p
age.js [Server Component]

  Client Component SSR:
    ./.gemini/antigravity/scratch/kacademyx/compo
nents/SettingsModal.js [Client Component SSR]
    ./.gemini/antigravity/scratch/kacademyx/app/p
age.js [Client Component SSR]
    ./.gemini/antigravity/scratch/kacademyx/app/p
age.js [Server Component]

https://nextjs.org/docs/messages/module-not-found


./.gemini/antigravity/scratch/kacademyx/auth.js:2
:1
Module not found: Can't resolve 
'@auth/prisma-adapter'
[0m [90m 1 |[39m [36mimport[39m 
[33mNextAuth[39m [36mfrom[39m 
[32m"next-auth"[39m
[31m[1m>[22m[39m[90m 2 |[39m 
[36mimport[39m { [33mPrismaAdapter[39m } 
[36mfrom[39m [32m"@auth/prisma-adapter"[39m
 [90m   |[39m [31m[1m^[22m[39m[31m[1m^[2
2m[39m[31m[1m^[22m[39m[31m[1m^[22m[39m[
31m[1m^[22m[39m[31m[1m^[22m[39m[31m[1m^
[22m[39m[31m[1m^[22m[39m[31m[1m^[22m[39m
[31m[1m^[22m[39m[31m[1m^[22m[39m[31m[1m
^[22m[39m[31m[1m^[22m[39m[31m[1m^[22m[3
9m[31m[1m^[22m[39m[31m[1m^[22m[39m[31m[
1m^[22m[39m[31m[1m^[22m[39m[31m[1m^[22m
[39m[31m[1m^[22m[39m[31m[1m^[22m[39m[31m
[1m^[22m[39m[31m[1m^[22m[39m[31m[1m^[22
m[39m[31m[1m^[22m[39m[31m[1m^[22m[39m[3
1m[1m^[22m[39m[31m[1m^[22m[39m[31m[1m^[
22m[39m[31m[1m^[22m[39m[31m[1m^[22m[39m
[31m[1m^[22m[39m[31m[1m^[22m[39m[31m[1m^
[22m[39m[31m[1m^[22m[39m[31m[1m^[22m[39
m[31m[1m^[22m[39m[31m[1m^[22m[39m[31m[1
m^[22m[39m[31m[1m^[22m[39m[31m[1m^[22m[
39m[31m[1m^[22m[39m[31m[1m^[22m[39m[31m
[1m^[22m[39m[31m[1m^[22m[39m[31m[1m^[22m
[39m[31m[1m^[22m[39m[31m[1m^[22m[39m[31
m[1m^[22m[39m[31m[1m^[22m[39m[31m[1m^[2
2m[39m[31m[1m^[22m[39m
 [90m 3 |[39m [36mimport[39m prisma 
[36mfrom[39m [32m"@/lib/prisma"[39m
 [90m 4 |[39m [36mimport[39m 
[33mGoogle[39m [36mfrom[39m 
[32m"next-auth/providers/google"[39m
 [90m 5 |[39m [36mimport[39m 
[33mCredentials[39m [36mfrom[39m 
[32m"next-auth/providers/credentials"[39m[0m



Import traces:
  App Route:
    
./.gemini/antigravity/scratch/kacademyx/auth.js
    ./.gemini/antigravity/scratch/kacademyx/app/a
pi/auth/[...nextauth]/route.js

  Edge Middleware:
    
./.gemini/antigravity/scratch/kacademyx/auth.js
    ./.gemini/antigravity/scratch/kacademyx/middl
eware.js

https://nextjs.org/docs/messages/module-not-found


./.gemini/antigravity/scratch/kacademyx/lib/fireb
ase.js:1:1
Module not found: Can't resolve 'firebase/app'
[0m[31m[1m>[22m[39m[90m 1 |[39m 
[36mimport[39m { initializeApp[33m,[39m 
getApps[33m,[39m getApp } [36mfrom[39m 
[32m"firebase/app"[39m[33m;[39m
 [90m   |[39m [31m[1m^[22m[39m[31m[1m^[2
2m[39m[31m[1m^[22m[39m[31m[1m^[22m[39m[
31m[1m^[22m[39m[31m[1m^[22m[39m[31m[1m^
[22m[39m[31m[1m^[22m[39m[31m[1m^[22m[39m
[31m[1m^[22m[39m[31m[1m^[22m[39m[31m[1m
^[22m[39m[31m[1m^[22m[39m[31m[1m^[22m[3
9m[31m[1m^[22m[39m[31m[1m^[22m[39m[31m[
1m^[22m[39m[31m[1m^[22m[39m[31m[1m^[22m
[39m[31m[1m^[22m[39m[31m[1m^[22m[39m[31m
[1m^[22m[39m[31m[1m^[22m[39m[31m[1m^[22
m[39m[31m[1m^[22m[39m[31m[1m^[22m[39m[3
1m[1m^[22m[39m[31m[1m^[22m[39m[31m[1m^[
22m[39m[31m[1m^[22m[39m[31m[1m^[22m[39m
[31m[1m^[22m[39m[31m[1m^[22m[39m[31m[1m^
[22m[39m[31m[1m^[22m[39m[31m[1m^[22m[39
m[31m[1m^[22m[39m[31m[1m^[22m[39m[31m[1
m^[22m[39m[31m[1m^[22m[39m[31m[1m^[22m[
39m[31m[1m^[22m[39m[31m[1m^[22m[39m[31m
[1m^[22m[39m[31m[1m^[22m[39m[31m[1m^[22m
[39m[31m[1m^[22m[39m[31m[1m^[22m[39m[31
m[1m^[22m[39m[31m[1m^[22m[39m[31m[1m^[2
2m[39m[31m[1m^[22m[39m[31m[1m^[22m[39m[
31m[1m^[22m[39m[31m[1m^[22m[39m[31m[1m^
[22m[39m[31m[1m^[22m[39m[31m[1m^[22m[39m
[31m[1m^[22m[39m[31m[1m^[22m[39m[31m[1m
^[22m[39m[31m[1m^[22m[39m
 [90m 2 |[39m [36mimport[39m { getAuth } 
[36mfrom[39m 
[32m"firebase/auth"[39m[33m;[39m
 [90m 3 |[39m [36mimport[39m { getFirestore 
} [36mfrom[39m 
[32m"firebase/firestore"[39m[33m;[39m
 [90m 4 |[39m[0m



Import traces:
  Client Component Browser:
    ./.gemini/antigravity/scratch/kacademyx/lib/f
irebase.js [Client Component Browser]
    ./.gemini/antigravity/scratch/kacademyx/lib/c
hatService.js [Client Component Browser]
    ./.gemini/antigravity/scratch/kacademyx/compo
nents/SettingsModal.js [Client Component Browser]
    ./.gemini/antigravity/scratch/kacademyx/app/p
age.js [Client Component Browser]
    ./.gemini/antigravity/scratch/kacademyx/app/p
age.js [Server Component]

  Client Component SSR:
    ./.gemini/antigravity/scratch/kacademyx/lib/f
irebase.js [Client Component SSR]
    ./.gemini/antigravity/scratch/kacademyx/lib/c
hatService.js [Client Component SSR]
    ./.gemini/antigravity/scratch/kacademyx/compo
nents/SettingsModal.js [Client Component SSR]
    ./.gemini/antigravity/scratch/kacademyx/app/p
age.js [Client Component SSR]
    ./.gemini/antigravity/scratch/kacademyx/app/p
age.js [Server Component]

https://nextjs.org/docs/messages/module-not-found


./.gemini/antigravity/scratch/kacademyx/lib/fireb
ase.js:2:1
Module not found: Can't resolve 'firebase/auth'
[0m [90m 1 |[39m [36mimport[39m { 
initializeApp[33m,[39m getApps[33m,[39m 
getApp } [36mfrom[39m 
[32m"firebase/app"[39m[33m;[39m
[31m[1m>[22m[39m[90m 2 |[39m 
[36mimport[39m { getAuth } [36mfrom[39m 
[32m"firebase/auth"[39m[33m;[39m
 [90m   |[39m [31m[1m^[22m[39m[31m[1m^[2
2m[39m[31m[1m^[22m[39m[31m[1m^[22m[39m[
31m[1m^[22m[39m[31m[1m^[22m[39m[31m[1m^
[22m[39m[31m[1m^[22m[39m[31m[1m^[22m[39m
[31m[1m^[22m[39m[31m[1m^[22m[39m[31m[1m
^[22m[39m[31m[1m^[22m[39m[31m[1m^[22m[3
9m[31m[1m^[22m[39m[31m[1m^[22m[39m[31m[
1m^[22m[39m[31m[1m^[22m[39m[31m[1m^[22m
[39m[31m[1m^[22m[39m[31m[1m^[22m[39m[31m
[1m^[22m[39m[31m[1m^[22m[39m[31m[1m^[22
m[39m[31m[1m^[22m[39m[31m[1m^[22m[39m[3
1m[1m^[22m[39m[31m[1m^[22m[39m[31m[1m^[
22m[39m[31m[1m^[22m[39m[31m[1m^[22m[39m
[31m[1m^[22m[39m[31m[1m^[22m[39m[31m[1m^
[22m[39m[31m[1m^[22m[39m[31m[1m^[22m[39
m[31m[1m^[22m[39m[31m[1m^[22m[39m[31m[1
m^[22m[39m[31m[1m^[22m[39m
 [90m 3 |[39m [36mimport[39m { getFirestore 
} [36mfrom[39m 
[32m"firebase/firestore"[39m[33m;[39m
 [90m 4 |[39m
 [90m 5 |[39m [36mconst[39m firebaseConfig 
[33m=[39m {[0m



Import traces:
  Client Component Browser:
    ./.gemini/antigravity/scratch/kacademyx/lib/f
irebase.js [Client Component Browser]
    ./.gemini/antigravity/scratch/kacademyx/lib/c
hatService.js [Client Component Browser]
    ./.gemini/antigravity/scratch/kacademyx/compo
nents/SettingsModal.js [Client Component Browser]
    ./.gemini/antigravity/scratch/kacademyx/app/p
age.js [Client Component Browser]
    ./.gemini/antigravity/scratch/kacademyx/app/p
age.js [Server Component]

  Client Component SSR:
    ./.gemini/antigravity/scratch/kacademyx/lib/f
irebase.js [Client Component SSR]
    ./.gemini/antigravity/scratch/kacademyx/lib/c
hatService.js [Client Component SSR]
    ./.gemini/antigravity/scratch/kacademyx/compo
nents/SettingsModal.js [Client Component SSR]
    ./.gemini/antigravity/scratch/kacademyx/app/p
age.js [Client Component SSR]
    ./.gemini/antigravity/scratch/kacademyx/app/p
age.js [Server Component]

https://nextjs.org/docs/messages/module-not-found


./.gemini/antigravity/scratch/kacademyx/lib/chatS
ervice.js:1:1
Module not found: Can't resolve 
'firebase/firestore'
[0m[31m[1m>[22m[39m[90m  1 |[39m 
[36mimport[39m {
 [90m    |[39m [31m[1m^[22m[39m[31m[1m^[
22m[39m[31m[1m^[22m[39m[31m[1m^[22m[39m
[31m[1m^[22m[39m[31m[1m^[22m[39m[31m[1m^
[22m[39m[31m[1m^[22m[39m
[31m[1m>[22m[39m[90m  2 |[39m     
collection[33m,[39m
 [90m    |[39m [31m[1m^[22m[39m[31m[1m^[
22m[39m[31m[1m^[22m[39m[31m[1m^[22m[39m
[31m[1m^[22m[39m[31m[1m^[22m[39m[31m[1m^
[22m[39m[31m[1m^[22m[39m[31m[1m^[22m[39
m[31m[1m^[22m[39m[31m[1m^[22m[39m[31m[1
m^[22m[39m[31m[1m^[22m[39m[31m[1m^[22m[
39m[31m[1m^[22m[39m
[31m[1m>[22m[39m[90m  3 |[39m     
addDoc[33m,[39m
 [90m    |[39m [31m[1m^[22m[39m[31m[1m^[
22m[39m[31m[1m^[22m[39m[31m[1m^[22m[39m
[31m[1m^[22m[39m[31m[1m^[22m[39m[31m[1m^
[22m[39m[31m[1m^[22m[39m[31m[1m^[22m[39
m[31m[1m^[22m[39m[31m[1m^[22m[39m[31m[1
m^[22m[39m[31m[1m^[22m[39m[31m[1m^[22m[
39m[31m[1m^[22m[39m
[31m[1m>[22m[39m[90m  4 |[39m     
updateDoc[33m,[39m
 [90m    |[39m [31m[1m^[22m[39m[31m[1m^[
22m[39m[31m[1m^[22m[39m[31m[1m^[22m[39m
[31m[1m^[22m[39m[31m[1m^[22m[39m[31m[1m^
[22m[39m[31m[1m^[22m[39m[31m[1m^[22m[39
m[31m[1m^[22m[39m[31m[1m^[22m[39m[31m[1
m^[22m[39m[31m[1m^[22m[39m[31m[1m^[22m[
39m[31m[1m^[22m[39m
[31m[1m>[22m[39m[90m  5 |[39m     
deleteDoc[33m,[39m
 [90m    |[39m [31m[1m^[22m[39m[31m[1m^[
22m[39m[31m[1m^[22m[39m[31m[1m^[22m[39m
[31m[1m^[22m[39m[31m[1m^[22m[39m[31m[1m^
[22m[39m[31m[1m^[22m[39m[31m[1m^[22m[39
m[31m[1m^[22m[39m[31m[1m^[22m[39m[31m[1
m^[22m[39m[31m[1m^[22m[39m[31m[1m^[22m[
39m[31m[1m^[22m[39m
[31m[1m>[22m[39m[90m  6 |[39m     
doc[33m,[39m
 [90m    |[39m [31m[1m^[22m[39m[31m[1m^[
22m[39m[31m[1m^[22m[39m[31m[1m^[22m[39m
[31m[1m^[22m[39m[31m[1m^[22m[39m[31m[1m^
[22m[39m[31m[1m^[22m[39m[31m[1m^[22m[39
m[31m[1m^[22m[39m[31m[1m^[22m[39m[31m[1
m^[22m[39m[31m[1m^[22m[39m[31m[1m^[22m[
39m[31m[1m^[22m[39m
[31m[1m>[22m[39m[90m  7 |[39m     
query[33m,[39m
 [90m    |[39m [31m[1m^[22m[39m[31m[1m^[
22m[39m[31m[1m^[22m[39m[31m[1m^[22m[39m
[31m[1m^[22m[39m[31m[1m^[22m[39m[31m[1m^
[22m[39m[31m[1m^[22m[39m[31m[1m^[22m[39
m[31m[1m^[22m[39m[31m[1m^[22m[39m[31m[1
m^[22m[39m[31m[1m^[22m[39m[31m[1m^[22m[
39m[31m[1m^[22m[39m
[31m[1m>[22m[39m[90m  8 |[39m     
where[33m,[39m
 [90m    |[39m [31m[1m^[22m[39m[31m[1m^[
22m[39m[31m[1m^[22m[39m[31m[1m^[22m[39m
[31m[1m^[22m[39m[31m[1m^[22m[39m[31m[1m^
[22m[39m[31m[1m^[22m[39m[31m[1m^[22m[39
m[31m[1m^[22m[39m[31m[1m^[22m[39m[31m[1
m^[22m[39m[31m[1m^[22m[39m[31m[1m^[22m[
39m[31m[1m^[22m[39m
[31m[1m>[22m[39m[90m  9 |[39m     
orderBy[33m,[39m
 [90m    |[39m [31m[1m^[22m[39m[31m[1m^[
22m[39m[31m[1m^[22m[39m[31m[1m^[22m[39m
[31m[1m^[22m[39m[31m[1m^[22m[39m[31m[1m^
[22m[39m[31m[1m^[22m[39m[31m[1m^[22m[39
m[31m[1m^[22m[39m[31m[1m^[22m[39m[31m[1
m^[22m[39m[31m[1m^[22m[39m[31m[1m^[22m[
39m[31m[1m^[22m[39m
[31m[1m>[22m[39m[90m 10 |[39m     
onSnapshot[33m,[39m
 [90m    |[39m [31m[1m^[22m[39m[31m[1m^[
22m[39m[31m[1m^[22m[39m[31m[1m^[22m[39m
[31m[1m^[22m[39m[31m[1m^[22m[39m[31m[1m^
[22m[39m[31m[1m^[22m[39m[31m[1m^[22m[39
m[31m[1m^[22m[39m[31m[1m^[22m[39m[31m[1
m^[22m[39m[31m[1m^[22m[39m[31m[1m^[22m[
39m[31m[1m^[22m[39m
[31m[1m>[22m[39m[90m 11 |[39m     
serverTimestamp[33m,[39m
 [90m    |[39m [31m[1m^[22m[39m[31m[1m^[
22m[39m[31m[1m^[22m[39m[31m[1m^[22m[39m
[31m[1m^[22m[39m[31m[1m^[22m[39m[31m[1m^
[22m[39m[31m[1m^[22m[39m[31m[1m^[22m[39
m[31m[1m^[22m[39m[31m[1m^[22m[39m[31m[1
m^[22m[39m[31m[1m^[22m[39m[31m[1m^[22m[
39m[31m[1m^[22m[39m
[31m[1m>[22m[39m[90m 12 |[39m     
getDocs[33m,[39m
 [90m    |[39m [31m[1m^[22m[39m[31m[1m^[
22m[39m[31m[1m^[22m[39m[31m[1m^[22m[39m
[31m[1m^[22m[39m[31m[1m^[22m[39m[31m[1m^
[22m[39m[31m[1m^[22m[39m[31m[1m^[22m[39
m[31m[1m^[22m[39m[31m[1m^[22m[39m[31m[1
m^[22m[39m[31m[1m^[22m[39m[31m[1m^[22m[
39m[31m[1m^[22m[39m
[31m[1m>[22m[39m[90m 13 |[39m     
writeBatch
 [90m    |[39m [31m[1m^[22m[39m[31m[1m^[
22m[39m[31m[1m^[22m[39m[31m[1m^[22m[39m
[31m[1m^[22m[39m[31m[1m^[22m[39m[31m[1m^
[22m[39m[31m[1m^[22m[39m[31m[1m^[22m[39
m[31m[1m^[22m[39m[31m[1m^[22m[39m[31m[1
m^[22m[39m[31m[1m^[22m[39m[31m[1m^[22m[
39m[31m[1m^[22m[39m
[31m[1m>[22m[39m[90m 14 |[39m } 
[36mfrom[39m 
[32m'firebase/firestore'[39m[33m;[39m
 [90m    |[39m [31m[1m^[22m[39m[31m[1m^[
22m[39m[31m[1m^[22m[39m[31m[1m^[22m[39m
[31m[1m^[22m[39m[31m[1m^[22m[39m[31m[1m^
[22m[39m[31m[1m^[22m[39m[31m[1m^[22m[39
m[31m[1m^[22m[39m[31m[1m^[22m[39m[31m[1
m^[22m[39m[31m[1m^[22m[39m[31m[1m^[22m[
39m[31m[1m^[22m[39m[31m[1m^[22m[39m[31m
[1m^[22m[39m[31m[1m^[22m[39m[31m[1m^[22m
[39m[31m[1m^[22m[39m[31m[1m^[22m[39m[31
m[1m^[22m[39m[31m[1m^[22m[39m[31m[1m^[2
2m[39m[31m[1m^[22m[39m[31m[1m^[22m[39m[
31m[1m^[22m[39m[31m[1m^[22m[39m[31m[1m^
[22m[39m
 [90m 15 |[39m [36mimport[39m { db } 
[36mfrom[39m [32m'./firebase'[39m[33m;[39m
 [90m 16 |[39m
 [90m 17 |[39m [90m// Helper to safely 
convert ANY value to ISO string[39m[0m



Import traces:
  Client Component Browser:
    ./.gemini/antigravity/scratch/kacademyx/lib/c
hatService.js [Client Component Browser]
    ./.gemini/antigravity/scratch/kacademyx/compo
nents/SettingsModal.js [Client Component Browser]
    ./.gemini/antigravity/scratch/kacademyx/app/p
age.js [Client Component Browser]
    ./.gemini/antigravity/scratch/kacademyx/app/p
age.js [Server Component]

  Client Component SSR:
    ./.gemini/antigravity/scratch/kacademyx/lib/c
hatService.js [Client Component SSR]
    ./.gemini/antigravity/scratch/kacademyx/compo
nents/SettingsModal.js [Client Component SSR]
    ./.gemini/antigravity/scratch/kacademyx/app/p
age.js [Client Component SSR]
    ./.gemini/antigravity/scratch/kacademyx/app/p
age.js [Server Component]

https://nextjs.org/docs/messages/module-not-found


./.gemini/antigravity/scratch/kacademyx/lib/fireb
ase.js:3:1
Module not found: Can't resolve 
'firebase/firestore'
[0m [90m 1 |[39m [36mimport[39m { 
initializeApp[33m,[39m getApps[33m,[39m 
getApp } [36mfrom[39m 
[32m"firebase/app"[39m[33m;[39m
 [90m 2 |[39m [36mimport[39m { getAuth } 
[36mfrom[39m 
[32m"firebase/auth"[39m[33m;[39m
[31m[1m>[22m[39m[90m 3 |[39m 
[36mimport[39m { getFirestore } [36mfrom[39m 
[32m"firebase/firestore"[39m[33m;[39m
 [90m   |[39m [31m[1m^[22m[39m[31m[1m^[2
2m[39m[31m[1m^[22m[39m[31m[1m^[22m[39m[
31m[1m^[22m[39m[31m[1m^[22m[39m[31m[1m^
[22m[39m[31m[1m^[22m[39m[31m[1m^[22m[39m
[31m[1m^[22m[39m[31m[1m^[22m[39m[31m[1m
^[22m[39m[31m[1m^[22m[39m[31m[1m^[22m[3
9m[31m[1m^[22m[39m[31m[1m^[22m[39m[31m[
1m^[22m[39m[31m[1m^[22m[39m[31m[1m^[22m
[39m[31m[1m^[22m[39m[31m[1m^[22m[39m[31m
[1m^[22m[39m[31m[1m^[22m[39m[31m[1m^[22
m[39m[31m[1m^[22m[39m[31m[1m^[22m[39m[3
1m[1m^[22m[39m[31m[1m^[22m[39m[31m[1m^[
22m[39m[31m[1m^[22m[39m[31m[1m^[22m[39m
[31m[1m^[22m[39m[31m[1m^[22m[39m[31m[1m^
[22m[39m[31m[1m^[22m[39m[31m[1m^[22m[39
m[31m[1m^[22m[39m[31m[1m^[22m[39m[31m[1
m^[22m[39m[31m[1m^[22m[39m[31m[1m^[22m[
39m[31m[1m^[22m[39m[31m[1m^[22m[39m[31m
[1m^[22m[39m[31m[1m^[22m[39m[31m[1m^[22m
[39m[31m[1m^[22m[39m[31m[1m^[22m[39m[31
m[1m^[22m[39m[31m[1m^[22m[39m
 [90m 4 |[39m
 [90m 5 |[39m [36mconst[39m firebaseConfig 
[33m=[39m {
 [90m 6 |[39m     apiKey[33m:[39m process[33
m.[39menv[33m.[39m[33mNEXT_PUBLIC_FIREBASE_AP
I_KEY[39m[33m,[39m[0m



Import traces:
  Client Component Browser:
    ./.gemini/antigravity/scratch/kacademyx/lib/f
irebase.js [Client Component Browser]
    ./.gemini/antigravity/scratch/kacademyx/lib/c
hatService.js [Client Component Browser]
    ./.gemini/antigravity/scratch/kacademyx/compo
nents/SettingsModal.js [Client Component Browser]
    ./.gemini/antigravity/scratch/kacademyx/app/p
age.js [Client Component Browser]
    ./.gemini/antigravity/scratch/kacademyx/app/p
age.js [Server Component]

  Client Component SSR:
    ./.gemini/antigravity/scratch/kacademyx/lib/f
irebase.js [Client Component SSR]
    ./.gemini/antigravity/scratch/kacademyx/lib/c
hatService.js [Client Component SSR]
    ./.gemini/antigravity/scratch/kacademyx/compo
nents/SettingsModal.js [Client Component SSR]
    ./.gemini/antigravity/scratch/kacademyx/app/p
age.js [Client Component SSR]
    ./.gemini/antigravity/scratch/kacademyx/app/p
age.js [Server Component]

https://nextjs.org/docs/messages/module-not-found


    at <unknown> (./.gemini/antigravity/scratch/k
academyx/components/SettingsModal.js:9:1)
    at <unknown> (https://nextjs.org/docs/message
s/module-not-found)
    at <unknown> (./.gemini/antigravity/scratch/k
academyx/auth.js:2:1)
    at <unknown> (https://nextjs.org/docs/message
s/module-not-found)
    at <unknown> (./.gemini/antigravity/scratch/k
academyx/lib/firebase.js:1:1)
    at <unknown> (https://nextjs.org/docs/message
s/module-not-found)
    at <unknown> (./.gemini/antigravity/scratch/k
academyx/lib/firebase.js:2:1)
    at <unknown> (https://nextjs.org/docs/message
s/module-not-found)
    at <unknown> (./.gemini/antigravity/scratch/k
academyx/lib/chatService.js:1:1)
    at <unknown> (https://nextjs.org/docs/message
s/module-not-found)
    at <unknown> (./.gemini/antigravity/scratch/k
academyx/lib/firebase.js:3:1)
    at <unknown> (https://nextjs.org/docs/message
s/module-not-found)
